
> ai-social-media-outreach@0.1.0 build
> next build

  Γû▓ Next.js 14.2.5
  - Environments: .env.local

   Creating an optimized production build ...
 Γ£ô Compiled successfully
   Linting and checking validity of types ...
node.exe :  Γ¿» ESLint: 
Invalid Options: - Unknown 
options: useEslintrc, 
extensions - 'extensions' 
has been removed.
At line:1 char:1
+ & "C:\Program 
Files\nodejs/node.exe" 
"C:\Program 
Files\nodejs/node_mo ...
+ ~~~~~~~~~~~~~~~~~~~~~~~~~~~
~~~~~~~~~~~~~~~~~~~~~~~~~~~~~
~~~~~~~~~~~~~
    + CategoryInfo           
   : NotSpecified: ( Γ¿» ES  
  Lint: In...s been remove   
 d.:String) [], RemoteExc    
eption
    + FullyQualifiedErrorId  
   : NativeCommandError
 
Failed to compile.

./app/creator-request/page.ts
x:77:28
Type error: Expected 0 
arguments, but got 1.

[0m [90m 75 |[39m       
[36mtry[39m {[0m
[0m [90m 76 |[39m         
[36mconst[39m 
[account[33m,[39m 
stats[33m,[39m requests] 
[33m=[39m [36mawait[39m 
[33mPromise[39m[33m.[39mal
l([[0m
[0m[31m[1m>[22m[39m[90m
 77 |[39m           fetchUse
rAccount(user[33m.[39muid)
[33m,[39m[0m
[0m [90m    |[39m         
                   
[31m[1m^[22m[39m[0m
[0m [90m 78 |[39m         
  fetchUserStats(user[33m.[
39muid)[33m,[39m[0m
[0m [90m 79 |[39m         
  fetchRecentRequests(user[3
3m.[39muid)[33m,[39m[0m
[0m [90m 80 |[39m         
])[33m;[39m[0m
